// Jest Snapshot v1, https://goo.gl/fbAQLP

exports[`Test Mu func 1`] = `192`;
